mode: set
github.com/nhh57/go-ecommerce-backend-api/tests/base/main.go:3.26,5.2 1 1
